// Jest Snapshot v1, https://goo.gl/fbAQLP

exports[`<MainRoute /> renders 1`] = `
<div
  className="container"
>
  <HelmetWrapper
    encodeSpecialCharacters={true}
  >
    <title>
      recorder - tracta.co
    </title>
  </HelmetWrapper>
  <div
    className="canvasContainer"
  >
    <div
      className="meter"
    >
      <span
        className="startTime"
      >
        0
      </span>
      <span
        className="endTime"
      >
        20
      </span>
    </div>
    <div
      className="label"
    >
      <AsyncComponent
        renderErrorComponent={[Function]}
        windowLength={20}
        windowStartTime={0}
      />
      <div
        className="contribute button bottomButton"
        onClick={[Function]}
      >
        <span
          className="icon"
        >
          âž•
        </span>
      </div>
    </div>
    <AsyncComponent
      windowLength={20}
      windowStartTime={0}
    />
  </div>
</div>
`;
